
[7m[1m[36m NX [39m[22m[27m  [36mRunning target [1mmake[22m for project electron-backend and [1m6[22m tasks it depends on:[39m

[2m[36m[39m[22m

[2m> [22m[2mnx run[22m electron-backend:build-worker

[2m> [22mnode apps/electron-backend/build-worker.js

Building EPG parser worker with esbuild (development)...
Γ£à Worker built successfully!

[2m> [22m[2mnx run[22m shared-interfaces:build

Compiling TypeScript files for project "shared-interfaces"...
Done compiling TypeScript files for project "shared-interfaces".

[2m> [22m[2mnx run[22m remote-control-web:build:production

[33mΓ¥»[39m Building...
[32mΓ£ö[39m Building...
[37m[1mInitial chunk files[22m  [2m | [22m[1mNames[22m        [2m | [22m [1mRaw size[22m[2m | [22m[1mEstimated transfer size[22m
[32mmain-5MG2MXP6.js[37m     [2m | [22m[2mmain[22m         [2m | [22m[36m179.85 kB[37m[2m | [22m               [36m51.26 kB[37m
[32mpolyfills-4CC7B7AK.js[37m[2m | [22m[2mpolyfills[22m    [2m | [22m [36m35.78 kB[37m[2m | [22m               [36m11.63 kB[37m
[32mstyles-D7T2OJWB.css[37m  [2m | [22m[2mstyles[22m       [2m | [22m [36m96 bytes[37m[2m | [22m               [36m96 bytes[37m

[1m [22m                    [2m | [22m[1mInitial total[22m[2m | [22m[1m215.73 kB[22m[2m | [22m               [1m62.99 kB[22m

Application bundle generation complete. [2.835 seconds] - 2026-05-26T20:33:35.012Z
[39m
[1m[33m[33mΓû▓ [43;33m[[43;30mWARNING[43;33m][0m [1mlibs/ui/remote-control/src/lib/remote-control/remote-control.component.scss exceeded maximum budget. Budget 4.00 kB was not met by 660 bytes with a total of 4.66 kB.[0m

[39m[22m
[37mOutput location: C:\prgtm\iptvmate\iptvmate-0.21.1\dist\apps\remote-control-web
[39m

[2m> [22m[2mnx run[22m m3u-utils:build

Compiling TypeScript files for project "m3u-utils"...
Done compiling TypeScript files for project "m3u-utils".

[2m> [22m[2mnx run[22m web:build:production

[33mΓ¥»[39m Building...
[32mΓ£ö[39m Building...
[37m[1mInitial chunk files[22m  [2m | [22m[1mNames[22m                               [2m | [22m [1mRaw size[22m[2m | [22m[1mEstimated transfer size[22m
[32mchunk-6ES4VRX7.js[37m    [2m | [22m[2m-[22m                                   [2m | [22m  [36m3.11 MB[37m[2m | [22m              [36m540.42 kB[37m
[32mchunk-KPN2X7M3.js[37m    [2m | [22m[2m-[22m                                   [2m | [22m[36m369.90 kB[37m[2m | [22m               [36m78.86 kB[37m
[32mchunk-6FBO234V.js[37m    [2m | [22m[2m-[22m                                   [2m | [22m[36m261.57 kB[37m[2m | [22m               [36m73.23 kB[37m
[32mchunk-XXSNBWRI.js[37m    [2m | [22m[2m-[22m                                   [2m | [22m[36m218.20 kB[37m[2m | [22m               [36m46.42 kB[37m
[32mstyles-7K5U22PM.css[37m  [2m | [22m[2mstyles[22m                              [2m | [22m[36m145.30 kB[37m[2m | [22m               [36m19.02 kB[37m
[32mmain-GXGDO26J.js[37m     [2m | [22m[2mmain[22m                                [2m | [22m[36m116.50 kB[37m[2m | [22m               [36m29.98 kB[37m
[32mchunk-TMHL6YBP.js[37m    [2m | [22m[2m-[22m                                   [2m | [22m [36m89.96 kB[37m[2m | [22m               [36m22.49 kB[37m
[32mchunk-5J563NQE.js[37m    [2m | [22m[2m-[22m                                   [2m | [22m [36m40.92 kB[37m[2m | [22m               [36m11.22 kB[37m
[32mpolyfills-4CC7B7AK.js[37m[2m | [22m[2mpolyfills[22m                           [2m | [22m [36m35.78 kB[37m[2m | [22m               [36m11.63 kB[37m
[32mchunk-RWDWUEDN.js[37m    [2m | [22m[2m-[22m                                   [2m | [22m [36m27.55 kB[37m[2m | [22m                [36m8.21 kB[37m
[32mchunk-YI2ZOYYG.js[37m    [2m | [22m[2m-[22m                                   [2m | [22m [36m26.73 kB[37m[2m | [22m                [36m7.15 kB[37m
[32mchunk-IFLNT6TD.js[39m[37m[39m    [2m | [22m[2m-[22m                                   [2m | [22m [36m22.14 kB[37m[2m | [22m                [36m6.25 kB[37m
[32mchunk-KSXH2ODM.js[37m    [2m | [22m[2m-[22m                                   [2m | [22m [36m17.89 kB[37m[2m | [22m                [36m5.25 kB[37m
[32mchunk-ZZRNAHZS.js[37m    [2m | [22m[2m-[22m                                   [2m | [22m [36m16.40 kB[37m[2m | [22m                [36m4.68 kB[37m
[32mchunk-BGYMUPIX.js[37m    [2m | [22m[2m-[22m                                   [2m | [22m [36m13.68 kB[37m[2m | [22m                [36m3.26 kB[37m
[32mchunk-O2HTG6IA.js[37m    [2m | [22m[2m-[22m                                   [2m | [22m [36m12.99 kB[37m[2m | [22m                [36m3.30 kB[37m
[32mchunk-3PEKTV3D.js[37m    [2m | [22m[2m-[22m                                   [2m | [22m [36m12.27 kB[37m[2m | [22m                [36m2.33 kB[37m
[32mchunk-AHREBJKJ.js[37m    [2m | [22m[2m-[22m                                   [2m | [22m [36m11.95 kB[37m[2m | [22m                [36m2.53 kB[37m
[32mchunk-37ESAPBA.js[37m    [2m | [22m[2m-[22m                                   [2m | [22m [36m10.98 kB[37m[2m | [22m                [36m3.01 kB[37m
[32mchunk-P2KZKQAD.js[37m    [2m | [22m[2m-[22m                                   [2m | [22m  [36m9.75 kB[37m[2m | [22m                [36m2.31 kB[37m
[32mchunk-6JO7PFFL.js[37m    [2m | [22m[2m-[22m                                   [2m | [22m  [36m5.50 kB[37m[2m | [22m                [36m1.60 kB[37m
[32mchunk-PGDN2YZW.js[37m    [2m | [22m[2m-[22m                                   [2m | [22m  [36m1.52 kB[37m[2m | [22m              [36m553 bytes[37m
[32mchunk-Z457VIH3.js[37m    [2m | [22m[2m-[22m                                   [2m | [22m[36m763 bytes[37m[2m | [22m              [36m763 bytes[37m

[1m [22m                    [2m | [22m[39m[37m[1mInitial total[22m                       [2m | [22m  [1m[93m4.58 MB[37m[22m[2m | [22m              [1m884.46 kB[22m

[1mLazy chunk files[22m     [2m | [22m[1mNames[22m                               [2m | [22m [1mRaw size[22m[2m | [22m[1mEstimated transfer size[22m
[32mchunk-MSPW2KDE.js[37m    [2m | [22m[2m-[22m                                   [2m | [22m [36m58.98 kB[37m[2m | [22m               [36m12.62 kB[37m
[32mchunk-PVXI4AB2.js[37m    [2m | [22m[2mxtream-main-container-component[22m     [2m | [22m [36m58.69 kB[37m[2m | [22m               [36m12.09 kB[37m
[32mchunk-CXFRSF3I.js[37m    [2m | [22m[2m-[22m                                   [2m | [22m [36m52.21 kB[37m[2m | [22m               [36m15.54 kB[37m
[32mchunk-YYBKQD7W.js[37m    [2m | [22m[2mvideo-player-component[22m              [2m | [22m [36m32.63 kB[37m[2m | [22m                [36m8.69 kB[37m
[32mchunk-DA2QOH5S.js[37m    [2m | [22m[2m-[22m                                   [2m | [22m [36m31.95 kB[37m[2m | [22m                [36m6.69 kB[37m
[32mchunk-PHBN6UIQ.js[37m    [2m | [22m[2m-[22m                                   [2m | [22m [36m26.89 kB[37m[2m | [22m                [36m7.05 kB[37m
[32mchunk-V2ZQTNDS.js[37m    [2m | [22m[2mlive-stream-layout-component[22m        [2m | [22m [36m25.00 kB[37m[2m | [22m                [36m6.55 kB[37m
[32mchunk-AAAWGRN7.js[37m    [2m | [22m[2m-[22m                                   [2m | [22m [36m22.98 kB[37m[2m | [22m                [36m4.65 kB[37m
[32mchunk-U7FT3354.js[37m    [2m | [22m[2mstalker-live-stream-layout-component[22m[2m | [22m [36m18.69 kB[37m[2m | [22m                [36m5.13 kB[37m
[32mchunk-U45QOJEA.js[37m    [2m | [22m[2mvod-details-route-component[22m         [2m | [22m [36m17.72 kB[37m[2m | [22m                [36m4.19 kB[37m
[32mchunk-KR6CLZPW.js[37m    [2m | [22m[2m-[22m    [39m[37m                               [2m | [22m [36m17.16 kB[37m[2m | [22m                [36m4.58 kB[37m
[32mchunk-B7JEWA5J.js[37m    [2m | [22m[2m-[22m                                   [2m | [22m [36m16.78 kB[37m[2m | [22m                [36m3.94 kB[37m
[32mchunk-JLXJN5MO.js[37m    [2m | [22m[2mempty-state-component[22m               [2m | [22m [36m16.63 kB[37m[2m | [22m                [36m3.03 kB[37m
[32mchunk-3NA4TLWT.js[37m    [2m | [22m[2mdownloads-component[22m                 [2m | [22m [36m15.53 kB[37m[2m | [22m                [36m3.29 kB[37m
[32mchunk-FB3T37NG.js[37m    [2m | [22m[2mcategory-content-view-component[22m     [2m | [22m [36m15.48 kB[37m[2m | [22m                [36m4.48 kB[37m
[2m...and 27 more lazy chunks files. Use "--verbose" to show all the files.[22m

Application bundle generation complete. [16.674 seconds] - 2026-05-26T20:33:55.132Z
[39m
[1m[33m[33mΓû▓ [43;33m[[43;30mWARNING[43;33m][0m [1mNG8113: MatIconButton is not used within the template of PlayerDialogComponent[0m [1m[35m[plugin angular-compiler][0m

    apps/web/src/app/xtream-tauri/player-dialog/player-dialog.component.ts:29:8:
[37m      29 Γöé         [32mMatIconButton[37m,
         Γò╡         [32m~~~~~~~~~~~~~[0m


[33mΓû▓ [43;33m[[43;30mWARNING[43;33m][0m [1mbundle initial exceeded maximum budget. Budget 500.00 kB was not met by 4.08 MB with a total of 4.58 MB.[0m


[33mΓû▓ [43;33m[[43;30mWARNING[43;33m][0m [1mlibs/ui/components/src/lib/multi-epg/multi-epg-container.component.scss exceeded maximum budget. Budget 10.00 kB was not met by 2.33 kB with a total of 12.33 kB.[0m


[33mΓû▓ [43;33m[[43;30mWARNING[43;33m][0m [1mapps/web/src/app/xtream-tauri/season-container/season-container.component.scss exceeded maximum budget. Budget 10.00 kB was not met by 482 bytes with a total of 10.48 kB.[0m


[33mΓû▓ [43;33m[[43;30mWARNING[43;33m][0m [1mModule 'lodash/groupBy' used by 'apps/web/src/app/xtream-tauri/recently-viewed/recently-viewed.component.ts' is not ESM[0m

  CommonJS or AMD dependencies can cause optimization bailouts.
  For more information see: [4mhttps://angular.dev/tools/cli/build#configuring-commonjs-dependencies[0m


[33mΓû▓ [43;33m[[43;30mWARNING[43;33m][0m [1mModule 'qrcode' used by 'node_modules/.pnpm/angularx-qrcode@21.0.5_@ang_0a58ceb9f79ac2964c972574427d1545/node_modules/angularx-qrcode/fesm2022/angularx-qrcode.mjs' is not ESM[0m

  CommonJS or AMD dependencies can cause optimization bailouts.
  For more information see: [4mhttps://angular.dev/tools/cli/build#configuring-commonjs-dependencies[0m


[33mΓû▓ [43;33m[[43;30mWARNING[43;33m][0m [1mModule 'semver' used by 'apps/web/src/app/services/settings.service.ts' is not ESM[0m

  CommonJS or AMD dependencies can cause optimization bailouts.
  For more information see: [4mhttps://angular.dev/tools/cli/build#configuring-commonjs-dependencies[[39m[22m[1m[33m0m


[33mΓû▓ [43;33m[[43;30mWARNING[43;33m][0m [1mModule 'iptv-playlist-parser' used by 'libs/services/src/lib/playlists.service.ts' is not ESM[0m

  CommonJS or AMD dependencies can cause optimization bailouts.
  For more information see: [4mhttps://angular.dev/tools/cli/build#configuring-commonjs-dependencies[0m


[33mΓû▓ [43;33m[[43;30mWARNING[43;33m][0m [1mModule 'moment' used by 'libs/ui/components/src/lib/epg-list/epg-list.component.ts' is not ESM[0m

  CommonJS or AMD dependencies can cause optimization bailouts.
  For more information see: [4mhttps://angular.dev/tools/cli/build#configuring-commonjs-dependencies[0m


[33mΓû▓ [43;33m[[43;30mWARNING[43;33m][0m [1mModule 'videojs-quality-selector-hls' used by 'libs/ui/components/src/lib/vjs-player/vjs-player.component.ts' is not ESM[0m

  CommonJS or AMD dependencies can cause optimization bailouts.
  For more information see: [4mhttps://angular.dev/tools/cli/build#configuring-commonjs-dependencies[0m


[33mΓû▓ [43;33m[[43;30mWARNING[43;33m][0m [1mModule 'global/window' used by 'node_modules/.pnpm/video.js@8.23.7/node_modules/video.js/dist/video.es.js' is not ESM[0m

  CommonJS or AMD dependencies can cause optimization bailouts.
  For more information see: [4mhttps://angular.dev/tools/cli/build#configuring-commonjs-dependencies[0m


[33mΓû▓ [43;33m[[43;30mWARNING[43;33m][0m [1mModule 'global/document' used by 'node_modules/.pnpm/video.js@8.23.7/node_modules/video.js/dist/video.es.js' is not ESM[0m

  CommonJS or AMD dependencies can cause optimization bailouts.
  For more information see: [4mhttps://angular.dev/tools/cli/build#configuring-commonjs-dependencies[0m


[33mΓû▓ [43;33m[[43;30mWARNING[43;33m][0m [1mModule '@videojs/xhr' used by 'node_modules/.pnpm/video.js@8.23.7/node_modules/video.js/dist/video.es.js' is not ESM[0m

  CommonJS or AMD dependencies can cause optimization bailouts.
  For more information see: [4mhttps://angular.dev/tools/cli/build#configuring-co[39m[22m[1m[33mmmonjs-dependencies[0m


[33mΓû▓ [43;33m[[43;30mWARNING[43;33m][0m [1mModule 'videojs-vtt.js' used by 'node_modules/.pnpm/video.js@8.23.7/node_modules/video.js/dist/video.es.js' is not ESM[0m

  CommonJS or AMD dependencies can cause optimization bailouts.
  For more information see: [4mhttps://angular.dev/tools/cli/build#configuring-commonjs-dependencies[0m


[33mΓû▓ [43;33m[[43;30mWARNING[43;33m][0m [1mModule 'mux.js/lib/tools/parse-sidx' used by 'node_modules/.pnpm/video.js@8.23.7/node_modules/video.js/dist/video.es.js' is not ESM[0m

  CommonJS or AMD dependencies can cause optimization bailouts.
  For more information see: [4mhttps://angular.dev/tools/cli/build#configuring-commonjs-dependencies[0m


[33mΓû▓ [43;33m[[43;30mWARNING[43;33m][0m [1mModule 'mux.js/lib/utils/clock' used by 'node_modules/.pnpm/video.js@8.23.7/node_modules/video.js/dist/video.es.js' is not ESM[0m

  CommonJS or AMD dependencies can cause optimization bailouts.
  For more information see: [4mhttps://angular.dev/tools/cli/build#configuring-commonjs-dependencies[0m


[33mΓû▓ [43;33m[[43;30mWARNING[43;33m][0m [1mModule '@xmldom/xmldom' used by 'node_modules/.pnpm/mpd-parser@1.3.1/node_modules/mpd-parser/dist/mpd-parser.es.js' is not ESM[0m

  CommonJS or AMD dependencies can cause optimization bailouts.
  For more information see: [4mhttps://angular.dev/tools/cli/build#configuring-commonjs-dependencies[0m


[33mΓû▓ [43;33m[[43;30mWARNING[43;33m][0m [1mModule 'keycode' used by 'node_modules/.pnpm/video.js@7.21.7/node_modules/video.js/dist/video.es.js' is not ESM[0m

  CommonJS or AMD dependencies can cause optimization bailouts.
  For more information see: [4mhttps://angular.dev/tools/cli/build#configuring-commonjs-dependencies[0m


[33mΓû▓ [43;33m[[43;30mWARNING[43;33m][0m [1mModule 'safe-json-parse/tuple' used by 'node_modules/.pnpm/video.js@7.21.7/node_modules/video.js/dist/video.es.js' is not ESM[0m

  CommonJS or AMD dependencies can cause optimi[39m[22m[1m[33mzation bailouts.
  For more information see: [4mhttps://angular.dev/tools/cli/build#configuring-commonjs-dependencies[0m


[33mΓû▓ [43;33m[[43;30mWARNING[43;33m][0m [1mModule '@videojs/xhr' used by 'node_modules/.pnpm/video.js@7.21.7/node_modules/video.js/dist/video.es.js' is not ESM[0m

  CommonJS or AMD dependencies can cause optimization bailouts.
  For more information see: [4mhttps://angular.dev/tools/cli/build#configuring-commonjs-dependencies[0m


[33mΓû▓ [43;33m[[43;30mWARNING[43;33m][0m [1mModule 'mux.js/lib/tools/parse-sidx' used by 'node_modules/.pnpm/video.js@7.21.7/node_modules/video.js/dist/video.es.js' is not ESM[0m

  CommonJS or AMD dependencies can cause optimization bailouts.
  For more information see: [4mhttps://angular.dev/tools/cli/build#configuring-commonjs-dependencies[0m


[33mΓû▓ [43;33m[[43;30mWARNING[43;33m][0m [1mModule 'mux.js/lib/utils/clock' used by 'node_modules/.pnpm/video.js@7.21.7/node_modules/video.js/dist/video.es.js' is not ESM[0m

  CommonJS or AMD dependencies can cause optimization bailouts.
  For more information see: [4mhttps://angular.dev/tools/cli/build#configuring-commonjs-dependencies[0m


[33mΓû▓ [43;33m[[43;30mWARNING[43;33m][0m [1mModule 'url-toolkit' used by 'node_modules/.pnpm/@videojs+vhs-utils@3.0.5/node_modules/@videojs/vhs-utils/es/resolve-url.js' is not ESM[0m

  CommonJS or AMD dependencies can cause optimization bailouts.
  For more information see: [4mhttps://angular.dev/tools/cli/build#configuring-commonjs-dependencies[0m

[39m[22m
[37mOutput location: C:\prgtm\iptvmate\iptvmate-0.21.1\dist\apps\web
[39m

[2m> [22m[2mnx run[22m electron-backend:build

asset main.js 263 KiB [compared for emit] [big] (name: main) 1 related asset
asset main.preload.js 12.3 KiB [compared for emit] (name: main.preload) 1 related asset
asset assets/gitkeep_tmpl_ 13 bytes [compared for emit] [from: apps/electron-backend/src/assets/gitkeep_tmpl_] [copied]
cacheable modules 258 KiB
  modules by path ./libs/shared/ 46.4 KiB
    modules by path ./libs/shared/interfaces/src/lib/*.ts 17.7 KiB 33 modules
    modules by path ./libs/shared/database/src/ 23 KiB 3 modules
    modules by path ./libs/shared/m3u-utils/src/ 3.26 KiB 2 modules
    + 1 module
  modules by path ./apps/electron-backend/src/ 211 KiB 30 modules
modules by path external "drizzle-orm/ 84 bytes
  external "drizzle-orm/sqlite-core" 42 bytes [built] [code generated]
  external "drizzle-orm/better-sqlite3" 42 bytes [built] [code generated]
+ 23 modules
webpack 5.104.1 compiled successfully in 8884 ms

[2m> [22m[2mnx run[22m electron-backend:make --outputPath=../iptvmate-build-out

*********************************************************
DO NOT FORGET TO REBUILD YOUR FRONTEND & BACKEND PROJECTS
FOR PRODUCTION BEFORE PACKAGING / MAKING YOUR ARTIFACT!
*********************************************************
  [34mΓÇó[39m 
electron-builder  [34mversion[39m=26.0.12 [34mos[39m=10.0.26300
  [34mΓÇó[39m loaded configuration  [34mfile[39m=C:\prgtm\iptvmate\iptvmate-0.21.1\electron-builder.json
  [34mΓÇó[39m 
executing @electron/rebuild  [34melectronVersion[39m=35.7.5 [34march[39m=x64 [34mbuildFromSource[39m=false [34mappDir[39m=./
  [34mΓÇó[39m 
installing native dependencies  [34march[39m=x64
  [34mΓÇó[39m 
preparing       [34mmoduleName[39m=better-sqlite3 [34march[39m=x64
  [34mΓÇó[39m 
finished        [34mmoduleName[39m=better-sqlite3 [34march[39m=x64
  [34mΓÇó[39m 
completed installing native dependencies
  [34mΓÇó[39m 
packaging       [34mplatform[39m=win32 [34march[39m=x64 [34melectron[39m=35.7.5 [34mappOutDir[39m=C:\prgtm\iptvmate\iptvmate-build-out\win-unpacked
(node:57356) [DEP0190] DeprecationWarning: Passing args to a child process with shell option true can lead to security vulnerabilities, as the arguments are not escaped, only concatenated.
(Use `node --trace-deprecation ...` to show where the warning was created)
